example-specific:
  depth:
    more-depth:
      # specific comment to 2.yaml
      str-specific: 2.yaml
example-exists:
  str-2: This property exists in all files, and is overridden by 2.yaml
example-mixed:
  array-specific:
  - no
  - because this is specific to 2.yaml
  str-specific: 2.yaml
