example-exists:
  str-1: This property already exists in common.yaml
  str-2: This property exists in all files
example-common:
  # common comment
  depth:
    more-depth:
      array:
      - yes
      - for sure
      str: common string
    int: 123
    float: 1.23
  bool: true
  null:
example-mixed:
  array-common:
  - yes
  - for sure again
  str-common: common string
  sre-common-multiline: |
    -----BEGIN PUBLIC KEY-----
    01234567890
    -----END PUBLIC KEY-----
